<?xml version="1.0" encoding="ISO-8859-1" ?>
<link_info>
   <banner>TI ARM Linker PC v20.2.1.LTS</banner>
   <copyright>Copyright (c) 1996-2018 Texas Instruments Incorporated</copyright>
   <link_time>0x635a13e8</link_time>
   <link_errors>0x0</link_errors>
   <output_file>SPWM_VF.out</output_file>
   <entry_point>
      <name>_c_int00</name>
      <address>0x7b8c</address>
   </entry_point>
   <input_file_list>
      <input_file id="fl-2">
         <path>.\source\</path>
         <kind>object</kind>
         <file>adc.obj</file>
         <name>adc.obj</name>
      </input_file>
      <input_file id="fl-3">
         <path>.\source\</path>
         <kind>object</kind>
         <file>dabort.obj</file>
         <name>dabort.obj</name>
      </input_file>
      <input_file id="fl-4">
         <path>.\source\</path>
         <kind>object</kind>
         <file>errata_SSWF021_45.obj</file>
         <name>errata_SSWF021_45.obj</name>
      </input_file>
      <input_file id="fl-5">
         <path>.\source\</path>
         <kind>object</kind>
         <file>esm.obj</file>
         <name>esm.obj</name>
      </input_file>
      <input_file id="fl-6">
         <path>.\source\</path>
         <kind>object</kind>
         <file>het.obj</file>
         <name>het.obj</name>
      </input_file>
      <input_file id="fl-7">
         <path>.\source\</path>
         <kind>object</kind>
         <file>notification.obj</file>
         <name>notification.obj</name>
      </input_file>
      <input_file id="fl-8">
         <path>.\source\</path>
         <kind>object</kind>
         <file>pinmux.obj</file>
         <name>pinmux.obj</name>
      </input_file>
      <input_file id="fl-9">
         <path>.\source\</path>
         <kind>object</kind>
         <file>rti.obj</file>
         <name>rti.obj</name>
      </input_file>
      <input_file id="fl-a">
         <path>.\source\</path>
         <kind>object</kind>
         <file>sys_core.obj</file>
         <name>sys_core.obj</name>
      </input_file>
      <input_file id="fl-b">
         <path>.\source\</path>
         <kind>object</kind>
         <file>sys_intvecs.obj</file>
         <name>sys_intvecs.obj</name>
      </input_file>
      <input_file id="fl-c">
         <path>.\source\</path>
         <kind>object</kind>
         <file>sys_main.obj</file>
         <name>sys_main.obj</name>
      </input_file>
      <input_file id="fl-d">
         <path>.\source\</path>
         <kind>object</kind>
         <file>sys_mpu.obj</file>
         <name>sys_mpu.obj</name>
      </input_file>
      <input_file id="fl-e">
         <path>.\source\</path>
         <kind>object</kind>
         <file>sys_pcr.obj</file>
         <name>sys_pcr.obj</name>
      </input_file>
      <input_file id="fl-f">
         <path>.\source\</path>
         <kind>object</kind>
         <file>sys_phantom.obj</file>
         <name>sys_phantom.obj</name>
      </input_file>
      <input_file id="fl-10">
         <path>.\source\</path>
         <kind>object</kind>
         <file>sys_pmu.obj</file>
         <name>sys_pmu.obj</name>
      </input_file>
      <input_file id="fl-11">
         <path>.\source\</path>
         <kind>object</kind>
         <file>sys_selftest.obj</file>
         <name>sys_selftest.obj</name>
      </input_file>
      <input_file id="fl-12">
         <path>.\source\</path>
         <kind>object</kind>
         <file>sys_startup.obj</file>
         <name>sys_startup.obj</name>
      </input_file>
      <input_file id="fl-13">
         <path>.\source\</path>
         <kind>object</kind>
         <file>sys_vim.obj</file>
         <name>sys_vim.obj</name>
      </input_file>
      <input_file id="fl-14">
         <path>.\source\</path>
         <kind>object</kind>
         <file>system.obj</file>
         <name>system.obj</name>
      </input_file>
      <input_file id="fl-18">
         <kind>object</kind>
         <file>&lt;internal&gt;</file>
         <name>&lt;internal&gt;</name>
      </input_file>
      <input_file id="fl-ce">
         <path>C:\ti\ccs1100\ccs\tools\compiler\ti-cgt-arm_20.2.1.LTS\lib\</path>
         <kind>archive</kind>
         <file>rtsv7R4_A_be_eabi.lib</file>
         <name>s_sin.c.obj</name>
      </input_file>
      <input_file id="fl-cf">
         <path>C:\ti\ccs1100\ccs\tools\compiler\ti-cgt-arm_20.2.1.LTS\lib\</path>
         <kind>archive</kind>
         <file>rtsv7R4_A_be_eabi.lib</file>
         <name>fd_add32.asm.obj</name>
      </input_file>
      <input_file id="fl-d0">
         <path>C:\ti\ccs1100\ccs\tools\compiler\ti-cgt-arm_20.2.1.LTS\lib\</path>
         <kind>archive</kind>
         <file>rtsv7R4_A_be_eabi.lib</file>
         <name>fd_cmp32.asm.obj</name>
      </input_file>
      <input_file id="fl-d1">
         <path>C:\ti\ccs1100\ccs\tools\compiler\ti-cgt-arm_20.2.1.LTS\lib\</path>
         <kind>archive</kind>
         <file>rtsv7R4_A_be_eabi.lib</file>
         <name>fd_div32.asm.obj</name>
      </input_file>
      <input_file id="fl-d2">
         <path>C:\ti\ccs1100\ccs\tools\compiler\ti-cgt-arm_20.2.1.LTS\lib\</path>
         <kind>archive</kind>
         <file>rtsv7R4_A_be_eabi.lib</file>
         <name>fd_mul32.asm.obj</name>
      </input_file>
      <input_file id="fl-d3">
         <path>C:\ti\ccs1100\ccs\tools\compiler\ti-cgt-arm_20.2.1.LTS\lib\</path>
         <kind>archive</kind>
         <file>rtsv7R4_A_be_eabi.lib</file>
         <name>fd_toi32.asm.obj</name>
      </input_file>
      <input_file id="fl-d4">
         <path>C:\ti\ccs1100\ccs\tools\compiler\ti-cgt-arm_20.2.1.LTS\lib\</path>
         <kind>archive</kind>
         <file>rtsv7R4_A_be_eabi.lib</file>
         <name>fd_tos32.asm.obj</name>
      </input_file>
      <input_file id="fl-d5">
         <path>C:\ti\ccs1100\ccs\tools\compiler\ti-cgt-arm_20.2.1.LTS\lib\</path>
         <kind>archive</kind>
         <file>rtsv7R4_A_be_eabi.lib</file>
         <name>fd_tou32.asm.obj</name>
      </input_file>
      <input_file id="fl-d6">
         <path>C:\ti\ccs1100\ccs\tools\compiler\ti-cgt-arm_20.2.1.LTS\lib\</path>
         <kind>archive</kind>
         <file>rtsv7R4_A_be_eabi.lib</file>
         <name>fs_tod32.asm.obj</name>
      </input_file>
      <input_file id="fl-d7">
         <path>C:\ti\ccs1100\ccs\tools\compiler\ti-cgt-arm_20.2.1.LTS\lib\</path>
         <kind>archive</kind>
         <file>rtsv7R4_A_be_eabi.lib</file>
         <name>fs_toi32.asm.obj</name>
      </input_file>
      <input_file id="fl-d8">
         <path>C:\ti\ccs1100\ccs\tools\compiler\ti-cgt-arm_20.2.1.LTS\lib\</path>
         <kind>archive</kind>
         <file>rtsv7R4_A_be_eabi.lib</file>
         <name>fs_tou32.asm.obj</name>
      </input_file>
      <input_file id="fl-d9">
         <path>C:\ti\ccs1100\ccs\tools\compiler\ti-cgt-arm_20.2.1.LTS\lib\</path>
         <kind>archive</kind>
         <file>rtsv7R4_A_be_eabi.lib</file>
         <name>i_tofd32.asm.obj</name>
      </input_file>
      <input_file id="fl-da">
         <path>C:\ti\ccs1100\ccs\tools\compiler\ti-cgt-arm_20.2.1.LTS\lib\</path>
         <kind>archive</kind>
         <file>rtsv7R4_A_be_eabi.lib</file>
         <name>i_tofs32.asm.obj</name>
      </input_file>
      <input_file id="fl-db">
         <path>C:\ti\ccs1100\ccs\tools\compiler\ti-cgt-arm_20.2.1.LTS\lib\</path>
         <kind>archive</kind>
         <file>rtsv7R4_A_be_eabi.lib</file>
         <name>memcpy32.asm.obj</name>
      </input_file>
      <input_file id="fl-dc">
         <path>C:\ti\ccs1100\ccs\tools\compiler\ti-cgt-arm_20.2.1.LTS\lib\</path>
         <kind>archive</kind>
         <file>rtsv7R4_A_be_eabi.lib</file>
         <name>u_tofd32.asm.obj</name>
      </input_file>
      <input_file id="fl-dd">
         <path>C:\ti\ccs1100\ccs\tools\compiler\ti-cgt-arm_20.2.1.LTS\lib\</path>
         <kind>archive</kind>
         <file>rtsv7R4_A_be_eabi.lib</file>
         <name>memset32.asm.obj</name>
      </input_file>
      <input_file id="fl-de">
         <path>C:\ti\ccs1100\ccs\tools\compiler\ti-cgt-arm_20.2.1.LTS\lib\</path>
         <kind>archive</kind>
         <file>rtsv7R4_A_be_eabi.lib</file>
         <name>i_div32.asm.obj</name>
      </input_file>
      <input_file id="fl-df">
         <path>C:\ti\ccs1100\ccs\tools\compiler\ti-cgt-arm_20.2.1.LTS\lib\</path>
         <kind>archive</kind>
         <file>rtsv7R4_A_be_eabi.lib</file>
         <name>u_div32.asm.obj</name>
      </input_file>
      <input_file id="fl-e0">
         <path>C:\ti\ccs1100\ccs\tools\compiler\ti-cgt-arm_20.2.1.LTS\lib\</path>
         <kind>archive</kind>
         <file>rtsv7R4_A_be_eabi.lib</file>
         <name>autoinit.c.obj</name>
      </input_file>
      <input_file id="fl-e1">
         <path>C:\ti\ccs1100\ccs\tools\compiler\ti-cgt-arm_20.2.1.LTS\lib\</path>
         <kind>archive</kind>
         <file>rtsv7R4_A_be_eabi.lib</file>
         <name>cpy_tbl.c.obj</name>
      </input_file>
      <input_file id="fl-e2">
         <path>C:\ti\ccs1100\ccs\tools\compiler\ti-cgt-arm_20.2.1.LTS\lib\</path>
         <kind>archive</kind>
         <file>rtsv7R4_A_be_eabi.lib</file>
         <name>copy_zero_init.c.obj</name>
      </input_file>
      <input_file id="fl-e3">
         <path>C:\ti\ccs1100\ccs\tools\compiler\ti-cgt-arm_20.2.1.LTS\lib\</path>
         <kind>archive</kind>
         <file>rtsv7R4_A_be_eabi.lib</file>
         <name>copy_decompress_none.c.obj</name>
      </input_file>
      <input_file id="fl-e4">
         <path>C:\ti\ccs1100\ccs\tools\compiler\ti-cgt-arm_20.2.1.LTS\lib\</path>
         <kind>archive</kind>
         <file>rtsv7R4_A_be_eabi.lib</file>
         <name>copy_decompress_lzss.c.obj</name>
      </input_file>
      <input_file id="fl-e5">
         <path>C:\ti\ccs1100\ccs\tools\compiler\ti-cgt-arm_20.2.1.LTS\lib\</path>
         <kind>archive</kind>
         <file>rtsv7R4_A_be_eabi.lib</file>
         <name>k_rem_pio2.c.obj</name>
      </input_file>
      <input_file id="fl-e6">
         <path>C:\ti\ccs1100\ccs\tools\compiler\ti-cgt-arm_20.2.1.LTS\lib\</path>
         <kind>archive</kind>
         <file>rtsv7R4_A_be_eabi.lib</file>
         <name>exit.c.obj</name>
      </input_file>
      <input_file id="fl-e7">
         <path>C:\ti\ccs1100\ccs\tools\compiler\ti-cgt-arm_20.2.1.LTS\lib\</path>
         <kind>archive</kind>
         <file>rtsv7R4_A_be_eabi.lib</file>
         <name>_lock.c.obj</name>
      </input_file>
      <input_file id="fl-e8">
         <path>C:\ti\ccs1100\ccs\tools\compiler\ti-cgt-arm_20.2.1.LTS\lib\</path>
         <kind>archive</kind>
         <file>rtsv7R4_A_be_eabi.lib</file>
         <name>k_cos.c.obj</name>
      </input_file>
      <input_file id="fl-e9">
         <path>C:\ti\ccs1100\ccs\tools\compiler\ti-cgt-arm_20.2.1.LTS\lib\</path>
         <kind>archive</kind>
         <file>rtsv7R4_A_be_eabi.lib</file>
         <name>k_sin.c.obj</name>
      </input_file>
      <input_file id="fl-ea">
         <path>C:\ti\ccs1100\ccs\tools\compiler\ti-cgt-arm_20.2.1.LTS\lib\</path>
         <kind>archive</kind>
         <file>rtsv7R4_A_be_eabi.lib</file>
         <name>s_floor.c.obj</name>
      </input_file>
      <input_file id="fl-eb">
         <path>C:\ti\ccs1100\ccs\tools\compiler\ti-cgt-arm_20.2.1.LTS\lib\</path>
         <kind>archive</kind>
         <file>rtsv7R4_A_be_eabi.lib</file>
         <name>s_scalbn.c.obj</name>
      </input_file>
      <input_file id="fl-ec">
         <path>C:\ti\ccs1100\ccs\tools\compiler\ti-cgt-arm_20.2.1.LTS\lib\</path>
         <kind>archive</kind>
         <file>rtsv7R4_A_be_eabi.lib</file>
         <name>s_copysign.c.obj</name>
      </input_file>
      <input_file id="fl-ed">
         <path>C:\ti\ccs1100\ccs\tools\compiler\ti-cgt-arm_20.2.1.LTS\lib\</path>
         <kind>archive</kind>
         <file>rtsv7R4_A_be_eabi.lib</file>
         <name>div0.asm.obj</name>
      </input_file>
      <input_file id="fl-ee">
         <path>C:\ti\ccs1100\ccs\tools\compiler\ti-cgt-arm_20.2.1.LTS\lib\</path>
         <kind>archive</kind>
         <file>rtsv7R4_A_be_eabi.lib</file>
         <name>errno.c.obj</name>
      </input_file>
   </input_file_list>
   <object_component_list>
      <object_component id="oc-37">
         <name>.intvecs</name>
         <load_address>0x0</load_address>
         <run_address>0x0</run_address>
         <size>0x20</size>
         <input_file_ref idref="fl-b"/>
      </object_component>
      <object_component id="oc-88">
         <name>.text</name>
         <load_address>0x20</load_address>
         <run_address>0x20</run_address>
         <size>0x24f0</size>
         <input_file_ref idref="fl-11"/>
      </object_component>
      <object_component id="oc-82">
         <name>.text</name>
         <load_address>0x2510</load_address>
         <run_address>0x2510</run_address>
         <size>0xaa0</size>
         <input_file_ref idref="fl-14"/>
      </object_component>
      <object_component id="oc-135">
         <name>.text</name>
         <load_address>0x2fb0</load_address>
         <run_address>0x2fb0</run_address>
         <size>0xa78</size>
         <input_file_ref idref="fl-2"/>
      </object_component>
      <object_component id="oc-27a">
         <name>.text:__kernel_rem_pio2</name>
         <load_address>0x3a28</load_address>
         <run_address>0x3a28</run_address>
         <size>0x9fc</size>
         <input_file_ref idref="fl-e5"/>
      </object_component>
      <object_component id="oc-12f">
         <name>.text</name>
         <load_address>0x4424</load_address>
         <run_address>0x4424</run_address>
         <size>0x8fc</size>
         <input_file_ref idref="fl-6"/>
      </object_component>
      <object_component id="oc-44">
         <name>.text</name>
         <load_address>0x4d20</load_address>
         <run_address>0x4d20</run_address>
         <size>0x898</size>
         <input_file_ref idref="fl-13"/>
      </object_component>
      <object_component id="oc-171">
         <name>.text:sin</name>
         <load_address>0x55b8</load_address>
         <run_address>0x55b8</run_address>
         <size>0x894</size>
         <input_file_ref idref="fl-ce"/>
      </object_component>
      <object_component id="oc-76">
         <name>.text</name>
         <load_address>0x5e4c</load_address>
         <run_address>0x5e4c</run_address>
         <size>0x664</size>
         <input_file_ref idref="fl-4"/>
      </object_component>
      <object_component id="oc-13b">
         <name>.text</name>
         <load_address>0x64b0</load_address>
         <run_address>0x64b0</run_address>
         <size>0x630</size>
         <input_file_ref idref="fl-9"/>
      </object_component>
      <object_component id="oc-8e">
         <name>.text</name>
         <load_address>0x6ae0</load_address>
         <run_address>0x6ae0</run_address>
         <size>0x5bc</size>
         <input_file_ref idref="fl-5"/>
      </object_component>
      <object_component id="oc-9d">
         <name>.text</name>
         <load_address>0x709c</load_address>
         <run_address>0x709c</run_address>
         <size>0x394</size>
         <input_file_ref idref="fl-7"/>
      </object_component>
      <object_component id="oc-71">
         <name>.text</name>
         <load_address>0x7430</load_address>
         <run_address>0x7430</run_address>
         <size>0x2d0</size>
         <input_file_ref idref="fl-a"/>
      </object_component>
      <object_component id="oc-42">
         <name>.text:retain</name>
         <load_address>0x7700</load_address>
         <run_address>0x7700</run_address>
         <size>0x268</size>
         <input_file_ref idref="fl-13"/>
      </object_component>
      <object_component id="oc-26a">
         <name>.text:__kernel_sin</name>
         <load_address>0x7968</load_address>
         <run_address>0x7968</run_address>
         <size>0x224</size>
         <input_file_ref idref="fl-e9"/>
      </object_component>
      <object_component id="oc-1c">
         <name>.text:retain</name>
         <load_address>0x7b8c</load_address>
         <run_address>0x7b8c</run_address>
         <size>0x214</size>
         <input_file_ref idref="fl-12"/>
      </object_component>
      <object_component id="oc-15d">
         <name>.text</name>
         <load_address>0x7da0</load_address>
         <run_address>0x7da0</run_address>
         <size>0x214</size>
         <input_file_ref idref="fl-cf"/>
      </object_component>
      <object_component id="oc-280">
         <name>.text:__kernel_cos</name>
         <load_address>0x7fb4</load_address>
         <run_address>0x7fb4</run_address>
         <size>0x210</size>
         <input_file_ref idref="fl-e8"/>
      </object_component>
      <object_component id="oc-225">
         <name>.text</name>
         <load_address>0x81c4</load_address>
         <run_address>0x81c4</run_address>
         <size>0x190</size>
         <input_file_ref idref="fl-d1"/>
      </object_component>
      <object_component id="oc-59">
         <name>.text</name>
         <load_address>0x8354</load_address>
         <run_address>0x8354</run_address>
         <size>0x180</size>
         <input_file_ref idref="fl-db"/>
      </object_component>
      <object_component id="oc-2ec">
         <name>.text:floor</name>
         <load_address>0x84d4</load_address>
         <run_address>0x84d4</run_address>
         <size>0x158</size>
         <input_file_ref idref="fl-ea"/>
      </object_component>
      <object_component id="oc-e9">
         <name>.text</name>
         <load_address>0x862c</load_address>
         <run_address>0x862c</run_address>
         <size>0x154</size>
         <input_file_ref idref="fl-8"/>
      </object_component>
      <object_component id="oc-158">
         <name>.text</name>
         <load_address>0x8780</load_address>
         <run_address>0x8780</run_address>
         <size>0x128</size>
         <input_file_ref idref="fl-d2"/>
      </object_component>
      <object_component id="oc-2e6">
         <name>.text:scalbn</name>
         <load_address>0x88a8</load_address>
         <run_address>0x88a8</run_address>
         <size>0x120</size>
         <input_file_ref idref="fl-eb"/>
      </object_component>
      <object_component id="oc-2b">
         <name>.text:retain</name>
         <load_address>0x89c8</load_address>
         <run_address>0x89c8</run_address>
         <size>0xec</size>
         <input_file_ref idref="fl-5"/>
      </object_component>
      <object_component id="oc-ae">
         <name>.text</name>
         <load_address>0x8ab4</load_address>
         <run_address>0x8ab4</run_address>
         <size>0xe8</size>
         <input_file_ref idref="fl-3"/>
      </object_component>
      <object_component id="oc-275">
         <name>.text:__aeabi_cdcmple</name>
         <load_address>0x8b9c</load_address>
         <run_address>0x8b9c</run_address>
         <size>0xe0</size>
         <input_file_ref idref="fl-d0"/>
      </object_component>
      <object_component id="oc-2f2">
         <name>.text:__aeabi_cdrcmple</name>
         <load_address>0x8c7c</load_address>
         <run_address>0x8c7c</run_address>
         <size>0xe0</size>
         <input_file_ref idref="fl-d0"/>
      </object_component>
      <object_component id="oc-f1">
         <name>.text</name>
         <load_address>0x8d5c</load_address>
         <run_address>0x8d5c</run_address>
         <size>0xe0</size>
         <input_file_ref idref="fl-10"/>
      </object_component>
      <object_component id="oc-db">
         <name>.text</name>
         <load_address>0x8e3c</load_address>
         <run_address>0x8e3c</run_address>
         <size>0xb0</size>
         <input_file_ref idref="fl-dd"/>
      </object_component>
      <object_component id="oc-162">
         <name>.text</name>
         <load_address>0x8eec</load_address>
         <run_address>0x8eec</run_address>
         <size>0x9c</size>
         <input_file_ref idref="fl-d4"/>
      </object_component>
      <object_component id="oc-f">
         <name>.text:decompress:lzss:__TI_decompress_lzss</name>
         <load_address>0x8f88</load_address>
         <run_address>0x8f88</run_address>
         <size>0x90</size>
         <input_file_ref idref="fl-e4"/>
      </object_component>
      <object_component id="oc-31">
         <name>.text:retain</name>
         <load_address>0x9018</load_address>
         <run_address>0x9018</run_address>
         <size>0x88</size>
         <input_file_ref idref="fl-6"/>
      </object_component>
      <object_component id="oc-ff">
         <name>.text:__TI_auto_init_nobinit_nopinit:__TI_auto_init_nobinit_nopinit</name>
         <load_address>0x90a0</load_address>
         <run_address>0x90a0</run_address>
         <size>0x68</size>
         <input_file_ref idref="fl-e0"/>
      </object_component>
      <object_component id="oc-265">
         <name>.text</name>
         <load_address>0x9108</load_address>
         <run_address>0x9108</run_address>
         <size>0x5c</size>
         <input_file_ref idref="fl-d3"/>
      </object_component>
      <object_component id="oc-153">
         <name>.text</name>
         <load_address>0x9164</load_address>
         <run_address>0x9164</run_address>
         <size>0x5c</size>
         <input_file_ref idref="fl-d6"/>
      </object_component>
      <object_component id="oc-22a">
         <name>.text</name>
         <load_address>0x91c0</load_address>
         <run_address>0x91c0</run_address>
         <size>0x58</size>
         <input_file_ref idref="fl-d5"/>
      </object_component>
      <object_component id="oc-95">
         <name>.text</name>
         <load_address>0x9218</load_address>
         <run_address>0x9218</run_address>
         <size>0x58</size>
         <input_file_ref idref="fl-c"/>
      </object_component>
      <object_component id="oc-167">
         <name>.text</name>
         <load_address>0x9270</load_address>
         <run_address>0x9270</run_address>
         <size>0x54</size>
         <input_file_ref idref="fl-de"/>
      </object_component>
      <object_component id="oc-220">
         <name>.text</name>
         <load_address>0x92c4</load_address>
         <run_address>0x92c4</run_address>
         <size>0x50</size>
         <input_file_ref idref="fl-df"/>
      </object_component>
      <object_component id="oc-16c">
         <name>.text</name>
         <load_address>0x9314</load_address>
         <run_address>0x9314</run_address>
         <size>0x4c</size>
         <input_file_ref idref="fl-d7"/>
      </object_component>
      <object_component id="oc-177">
         <name>.text</name>
         <load_address>0x9360</load_address>
         <run_address>0x9360</run_address>
         <size>0x4c</size>
         <input_file_ref idref="fl-d8"/>
      </object_component>
      <object_component id="oc-14e">
         <name>.text</name>
         <load_address>0x93ac</load_address>
         <run_address>0x93ac</run_address>
         <size>0x4c</size>
         <input_file_ref idref="fl-da"/>
      </object_component>
      <object_component id="oc-270">
         <name>.text</name>
         <load_address>0x93f8</load_address>
         <run_address>0x93f8</run_address>
         <size>0x3c</size>
         <input_file_ref idref="fl-d9"/>
      </object_component>
      <object_component id="oc-22f">
         <name>.text</name>
         <load_address>0x9434</load_address>
         <run_address>0x9434</run_address>
         <size>0x34</size>
         <input_file_ref idref="fl-dc"/>
      </object_component>
      <object_component id="oc-22">
         <name>.text:retain</name>
         <load_address>0x9468</load_address>
         <run_address>0x9468</run_address>
         <size>0x2c</size>
         <input_file_ref idref="fl-2"/>
      </object_component>
      <object_component id="oc-15">
         <name>.text:decompress:none:__TI_decompress_none</name>
         <load_address>0x9494</load_address>
         <run_address>0x9494</run_address>
         <size>0x14</size>
         <input_file_ref idref="fl-e3"/>
      </object_component>
      <object_component id="oc-6b">
         <name>.text:decompress:ZI:__TI_zero_init</name>
         <load_address>0x94a8</load_address>
         <run_address>0x94a8</run_address>
         <size>0x10</size>
         <input_file_ref idref="fl-e2"/>
      </object_component>
      <object_component id="oc-328">
         <name>.text:__aeabi_errno_addr</name>
         <load_address>0x94b8</load_address>
         <run_address>0x94b8</run_address>
         <size>0xc</size>
         <input_file_ref idref="fl-ee"/>
      </object_component>
      <object_component id="oc-32e">
         <name>.text:copysign</name>
         <load_address>0x94c4</load_address>
         <run_address>0x94c4</run_address>
         <size>0xc</size>
         <input_file_ref idref="fl-ec"/>
      </object_component>
      <object_component id="oc-142">
         <name>.text:abort:abort</name>
         <load_address>0x94d0</load_address>
         <run_address>0x94d0</run_address>
         <size>0x8</size>
         <input_file_ref idref="fl-e6"/>
      </object_component>
      <object_component id="oc-3c">
         <name>.text:retain</name>
         <load_address>0x94d8</load_address>
         <run_address>0x94d8</run_address>
         <size>0x4</size>
         <input_file_ref idref="fl-f"/>
      </object_component>
      <object_component id="oc-25e">
         <name>.text</name>
         <load_address>0x94dc</load_address>
         <run_address>0x94dc</run_address>
         <size>0x4</size>
         <input_file_ref idref="fl-ed"/>
      </object_component>
      <object_component id="oc-7c">
         <name>.text</name>
         <load_address>0x94e0</load_address>
         <run_address>0x94e0</run_address>
         <size>0x4</size>
         <input_file_ref idref="fl-12"/>
      </object_component>
      <object_component id="oc-234">
         <name>.const:het1PROGRAM</name>
         <load_address>0x94e8</load_address>
         <run_address>0x94e8</run_address>
         <size>0x3a0</size>
         <input_file_ref idref="fl-6"/>
      </object_component>
      <object_component id="oc-28">
         <name>.const:s_vim_init</name>
         <load_address>0x9888</load_address>
         <run_address>0x9888</run_address>
         <size>0x180</size>
         <input_file_ref idref="fl-13"/>
      </object_component>
      <object_component id="oc-2fa">
         <name>.const:ipio2</name>
         <load_address>0x9a08</load_address>
         <run_address>0x9a08</run_address>
         <size>0x108</size>
         <input_file_ref idref="fl-e5"/>
      </object_component>
      <object_component id="oc-2fd">
         <name>.const:PIo2</name>
         <load_address>0x9b10</load_address>
         <run_address>0x9b10</run_address>
         <size>0x40</size>
         <input_file_ref idref="fl-e5"/>
      </object_component>
      <object_component id="oc-237">
         <name>.const:s_het1pwmPolarity</name>
         <load_address>0x9b50</load_address>
         <run_address>0x9b50</run_address>
         <size>0x20</size>
         <input_file_ref idref="fl-6"/>
      </object_component>
      <object_component id="oc-2f7">
         <name>.const:init_jk</name>
         <load_address>0x9b70</load_address>
         <run_address>0x9b70</run_address>
         <size>0x10</size>
         <input_file_ref idref="fl-e5"/>
      </object_component>
      <object_component id="oc-241">
         <name>.const:s_adcFiFoSize</name>
         <load_address>0x9b80</load_address>
         <run_address>0x9b80</run_address>
         <size>0xc</size>
         <input_file_ref idref="fl-2"/>
      </object_component>
      <object_component id="oc-244">
         <name>.const:s_adcSelect</name>
         <load_address>0x9b8c</load_address>
         <run_address>0x9b8c</run_address>
         <size>0xc</size>
         <input_file_ref idref="fl-2"/>
      </object_component>
      <object_component id="oc-37a">
         <name>__TI_handler_table</name>
         <load_address>0x9b98</load_address>
         <run_address>0x9b98</run_address>
         <size>0xc</size>
      </object_component>
      <object_component id="oc-37c">
         <name>.cinit..bss.load</name>
         <load_address>0x9ba8</load_address>
         <run_address>0x9ba8</run_address>
         <size>0x8</size>
      </object_component>
      <object_component id="oc-37d">
         <name>.cinit..data.load</name>
         <load_address>0x9bb0</load_address>
         <run_address>0x9bb0</run_address>
         <size>0x7</size>
      </object_component>
      <object_component id="oc-37b">
         <name>__TI_cinit_table</name>
         <load_address>0x9bb8</load_address>
         <run_address>0x9bb8</run_address>
         <size>0x10</size>
      </object_component>
      <object_component id="oc-182">
         <name>.common:ADCvalue</name>
         <uninitialized>true</uninitialized>
         <run_address>0x8001b60</run_address>
         <size>0x4</size>
      </object_component>
      <object_component id="oc-181">
         <name>.common:adc_data</name>
         <uninitialized>true</uninitialized>
         <run_address>0x8001b58</run_address>
         <size>0x8</size>
      </object_component>
      <object_component id="oc-186">
         <name>.common:ADC_1</name>
         <uninitialized>true</uninitialized>
         <run_address>0x8001500</run_address>
         <size>0x320</size>
      </object_component>
      <object_component id="oc-185">
         <name>.common:sistema</name>
         <uninitialized>true</uninitialized>
         <run_address>0x8001820</run_address>
         <size>0x320</size>
      </object_component>
      <object_component id="oc-17c">
         <name>.common:i</name>
         <uninitialized>true</uninitialized>
         <run_address>0x8001b64</run_address>
         <size>0x4</size>
      </object_component>
      <object_component id="oc-183">
         <name>.common:x</name>
         <uninitialized>true</uninitialized>
         <run_address>0x8001b40</run_address>
         <size>0xc</size>
      </object_component>
      <object_component id="oc-184">
         <name>.common:y</name>
         <uninitialized>true</uninitialized>
         <run_address>0x8001b4c</run_address>
         <size>0xc</size>
      </object_component>
      <object_component id="oc-187">
         <name>.data</name>
         <load_address>0x8001b68</load_address>
         <run_address>0x8001b68</run_address>
         <size>0x8</size>
         <input_file_ref idref="fl-7"/>
      </object_component>
      <object_component id="oc-348">
         <name>.data</name>
         <load_address>0x8001b70</load_address>
         <run_address>0x8001b70</run_address>
         <size>0x4</size>
         <input_file_ref idref="fl-ee"/>
      </object_component>
      <object_component id="oc-1bb">
         <name>.debug_info</name>
         <load_address>0x0</load_address>
         <run_address>0x0</run_address>
         <size>0x211</size>
         <input_file_ref idref="fl-2"/>
      </object_component>
      <object_component id="oc-245">
         <name>.debug_info</name>
         <load_address>0x211</load_address>
         <run_address>0x211</run_address>
         <size>0xdc</size>
         <input_file_ref idref="fl-2"/>
      </object_component>
      <object_component id="oc-242">
         <name>.debug_info</name>
         <load_address>0x2ed</load_address>
         <run_address>0x2ed</run_address>
         <size>0xe1</size>
         <input_file_ref idref="fl-2"/>
      </object_component>
      <object_component id="oc-136">
         <name>.debug_info</name>
         <load_address>0x3ce</load_address>
         <run_address>0x3ce</run_address>
         <size>0xb31</size>
         <input_file_ref idref="fl-2"/>
      </object_component>
      <object_component id="oc-23">
         <name>.debug_info</name>
         <load_address>0xeff</load_address>
         <run_address>0xeff</run_address>
         <size>0x13d</size>
         <input_file_ref idref="fl-2"/>
      </object_component>
      <object_component id="oc-1d0">
         <name>.debug_info</name>
         <load_address>0x103c</load_address>
         <run_address>0x103c</run_address>
         <size>0x791</size>
         <input_file_ref idref="fl-2"/>
      </object_component>
      <object_component id="oc-18d">
         <name>.debug_info</name>
         <load_address>0x17cd</load_address>
         <run_address>0x17cd</run_address>
         <size>0x26b</size>
         <input_file_ref idref="fl-2"/>
      </object_component>
      <object_component id="oc-a8">
         <name>.debug_info</name>
         <load_address>0x1a38</load_address>
         <run_address>0x1a38</run_address>
         <size>0x157</size>
         <input_file_ref idref="fl-2"/>
      </object_component>
      <object_component id="oc-bb">
         <name>.debug_info</name>
         <load_address>0x1b8f</load_address>
         <run_address>0x1b8f</run_address>
         <size>0x8b</size>
         <input_file_ref idref="fl-2"/>
      </object_component>
      <object_component id="oc-b6">
         <name>.debug_info</name>
         <load_address>0x1c1a</load_address>
         <run_address>0x1c1a</run_address>
         <size>0x18c</size>
         <input_file_ref idref="fl-2"/>
      </object_component>
      <object_component id="oc-29e">
         <name>.debug_info</name>
         <load_address>0x1da6</load_address>
         <run_address>0x1da6</run_address>
         <size>0x2a4</size>
         <input_file_ref idref="fl-2"/>
      </object_component>
      <object_component id="oc-1b5">
         <name>.debug_info</name>
         <load_address>0x204a</load_address>
         <run_address>0x204a</run_address>
         <size>0xbb</size>
         <input_file_ref idref="fl-2"/>
      </object_component>
      <object_component id="oc-c0">
         <name>.debug_info</name>
         <load_address>0x2105</load_address>
         <run_address>0x2105</run_address>
         <size>0x86</size>
         <input_file_ref idref="fl-2"/>
      </object_component>
      <object_component id="oc-295">
         <name>.debug_info</name>
         <load_address>0x218b</load_address>
         <run_address>0x218b</run_address>
         <size>0x273</size>
         <input_file_ref idref="fl-2"/>
      </object_component>
      <object_component id="oc-1ab">
         <name>.debug_info</name>
         <load_address>0x23fe</load_address>
         <run_address>0x23fe</run_address>
         <size>0x2cf</size>
         <input_file_ref idref="fl-2"/>
      </object_component>
      <object_component id="oc-b1">
         <name>.debug_info</name>
         <load_address>0x26cd</load_address>
         <run_address>0x26cd</run_address>
         <size>0xf9</size>
         <input_file_ref idref="fl-3"/>
      </object_component>
      <object_component id="oc-1cb">
         <name>.debug_info</name>
         <load_address>0x27c6</load_address>
         <run_address>0x27c6</run_address>
         <size>0x18a</size>
         <input_file_ref idref="fl-4"/>
      </object_component>
      <object_component id="oc-77">
         <name>.debug_info</name>
         <load_address>0x2950</load_address>
         <run_address>0x2950</run_address>
         <size>0x639</size>
         <input_file_ref idref="fl-4"/>
      </object_component>
      <object_component id="oc-54">
         <name>.debug_info</name>
         <load_address>0x2f89</load_address>
         <run_address>0x2f89</run_address>
         <size>0x84</size>
         <input_file_ref idref="fl-4"/>
      </object_component>
      <object_component id="oc-e3">
         <name>.debug_info</name>
         <load_address>0x300d</load_address>
         <run_address>0x300d</run_address>
         <size>0x9e7</size>
         <input_file_ref idref="fl-4"/>
      </object_component>
      <object_component id="oc-fe">
         <name>.debug_info</name>
         <load_address>0x39f4</load_address>
         <run_address>0x39f4</run_address>
         <size>0x1e2</size>
         <input_file_ref idref="fl-5"/>
      </object_component>
      <object_component id="oc-8f">
         <name>.debug_info</name>
         <load_address>0x3bd6</load_address>
         <run_address>0x3bd6</run_address>
         <size>0xb25</size>
         <input_file_ref idref="fl-5"/>
      </object_component>
      <object_component id="oc-2c">
         <name>.debug_info</name>
         <load_address>0x46fb</load_address>
         <run_address>0x46fb</run_address>
         <size>0x185</size>
         <input_file_ref idref="fl-5"/>
      </object_component>
      <object_component id="oc-192">
         <name>.debug_info</name>
         <load_address>0x4880</load_address>
         <run_address>0x4880</run_address>
         <size>0x1de</size>
         <input_file_ref idref="fl-5"/>
      </object_component>
      <object_component id="oc-f9">
         <name>.debug_info</name>
         <load_address>0x4a5e</load_address>
         <run_address>0x4a5e</run_address>
         <size>0x129</size>
         <input_file_ref idref="fl-5"/>
      </object_component>
      <object_component id="oc-23b">
         <name>.debug_info</name>
         <load_address>0x4b87</load_address>
         <run_address>0x4b87</run_address>
         <size>0x22e</size>
         <input_file_ref idref="fl-6"/>
      </object_component>
      <object_component id="oc-238">
         <name>.debug_info</name>
         <load_address>0x4db5</load_address>
         <run_address>0x4db5</run_address>
         <size>0xe8</size>
         <input_file_ref idref="fl-6"/>
      </object_component>
      <object_component id="oc-235">
         <name>.debug_info</name>
         <load_address>0x4e9d</load_address>
         <run_address>0x4e9d</run_address>
         <size>0xdc</size>
         <input_file_ref idref="fl-6"/>
      </object_component>
      <object_component id="oc-130">
         <name>.debug_info</name>
         <load_address>0x4f79</load_address>
         <run_address>0x4f79</run_address>
         <size>0xe96</size>
         <input_file_ref idref="fl-6"/>
      </object_component>
      <object_component id="oc-32">
         <name>.debug_info</name>
         <load_address>0x5e0f</load_address>
         <run_address>0x5e0f</run_address>
         <size>0x180</size>
         <input_file_ref idref="fl-6"/>
      </object_component>
      <object_component id="oc-1c3">
         <name>.debug_info</name>
         <load_address>0x5f8f</load_address>
         <run_address>0x5f8f</run_address>
         <size>0x2c</size>
         <input_file_ref idref="fl-6"/>
      </object_component>
      <object_component id="oc-19c">
         <name>.debug_info</name>
         <load_address>0x5fbb</load_address>
         <run_address>0x5fbb</run_address>
         <size>0x1f9</size>
         <input_file_ref idref="fl-6"/>
      </object_component>
      <object_component id="oc-1e9">
         <name>.debug_info</name>
         <load_address>0x61b4</load_address>
         <run_address>0x61b4</run_address>
         <size>0x3d3</size>
         <input_file_ref idref="fl-6"/>
      </object_component>
      <object_component id="oc-23c">
         <name>.debug_info</name>
         <load_address>0x6587</load_address>
         <run_address>0x6587</run_address>
         <size>0x2e3</size>
         <input_file_ref idref="fl-6"/>
      </object_component>
      <object_component id="oc-17d">
         <name>.debug_info</name>
         <load_address>0x686a</load_address>
         <run_address>0x686a</run_address>
         <size>0x4a2</size>
         <input_file_ref idref="fl-7"/>
      </object_component>
      <object_component id="oc-188">
         <name>.debug_info</name>
         <load_address>0x6d0c</load_address>
         <run_address>0x6d0c</run_address>
         <size>0xeb</size>
         <input_file_ref idref="fl-7"/>
      </object_component>
      <object_component id="oc-9e">
         <name>.debug_info</name>
         <load_address>0x6df7</load_address>
         <run_address>0x6df7</run_address>
         <size>0xaa8</size>
         <input_file_ref idref="fl-7"/>
      </object_component>
      <object_component id="oc-1d5">
         <name>.debug_info</name>
         <load_address>0x789f</load_address>
         <run_address>0x789f</run_address>
         <size>0x4de</size>
         <input_file_ref idref="fl-7"/>
      </object_component>
      <object_component id="oc-1da">
         <name>.debug_info</name>
         <load_address>0x7d7d</load_address>
         <run_address>0x7d7d</run_address>
         <size>0x3ce</size>
         <input_file_ref idref="fl-7"/>
      </object_component>
      <object_component id="oc-290">
         <name>.debug_info</name>
         <load_address>0x814b</load_address>
         <run_address>0x814b</run_address>
         <size>0x306</size>
         <input_file_ref idref="fl-7"/>
      </object_component>
      <object_component id="oc-1df">
         <name>.debug_info</name>
         <load_address>0x8451</load_address>
         <run_address>0x8451</run_address>
         <size>0x437</size>
         <input_file_ref idref="fl-7"/>
      </object_component>
      <object_component id="oc-20a">
         <name>.debug_info</name>
         <load_address>0x8888</load_address>
         <run_address>0x8888</run_address>
         <size>0x37b</size>
         <input_file_ref idref="fl-7"/>
      </object_component>
      <object_component id="oc-249">
         <name>.debug_info</name>
         <load_address>0x8c03</load_address>
         <run_address>0x8c03</run_address>
         <size>0x1d4</size>
         <input_file_ref idref="fl-7"/>
      </object_component>
      <object_component id="oc-1e4">
         <name>.debug_info</name>
         <load_address>0x8dd7</load_address>
         <run_address>0x8dd7</run_address>
         <size>0x1ca</size>
         <input_file_ref idref="fl-7"/>
      </object_component>
      <object_component id="oc-197">
         <name>.debug_info</name>
         <load_address>0x8fa1</load_address>
         <run_address>0x8fa1</run_address>
         <size>0x435</size>
         <input_file_ref idref="fl-7"/>
      </object_component>
      <object_component id="oc-1fd">
         <name>.debug_info</name>
         <load_address>0x93d6</load_address>
         <run_address>0x93d6</run_address>
         <size>0x510</size>
         <input_file_ref idref="fl-7"/>
      </object_component>
      <object_component id="oc-1f3">
         <name>.debug_info</name>
         <load_address>0x98e6</load_address>
         <run_address>0x98e6</run_address>
         <size>0x1de</size>
         <input_file_ref idref="fl-7"/>
      </object_component>
      <object_component id="oc-202">
         <name>.debug_info</name>
         <load_address>0x9ac4</load_address>
         <run_address>0x9ac4</run_address>
         <size>0x17a</size>
         <input_file_ref idref="fl-7"/>
      </object_component>
      <object_component id="oc-1a1">
         <name>.debug_info</name>
         <load_address>0x9c3e</load_address>
         <run_address>0x9c3e</run_address>
         <size>0x642</size>
         <input_file_ref idref="fl-7"/>
      </object_component>
      <object_component id="oc-1a6">
         <name>.debug_info</name>
         <load_address>0xa280</load_address>
         <run_address>0xa280</run_address>
         <size>0x13e</size>
         <input_file_ref idref="fl-7"/>
      </object_component>
      <object_component id="oc-1cd">
         <name>.debug_info</name>
         <load_address>0xa3be</load_address>
         <run_address>0xa3be</run_address>
         <size>0x14c</size>
         <input_file_ref idref="fl-8"/>
      </object_component>
      <object_component id="oc-eb">
         <name>.debug_info</name>
         <load_address>0xa50a</load_address>
         <run_address>0xa50a</run_address>
         <size>0x1df</size>
         <input_file_ref idref="fl-8"/>
      </object_component>
      <object_component id="oc-1ee">
         <name>.debug_info</name>
         <load_address>0xa6e9</load_address>
         <run_address>0xa6e9</run_address>
         <size>0x1d8</size>
         <input_file_ref idref="fl-8"/>
      </object_component>
      <object_component id="oc-2a9">
         <name>.debug_info</name>
         <load_address>0xa8c1</load_address>
         <run_address>0xa8c1</run_address>
         <size>0xc6</size>
         <input_file_ref idref="fl-8"/>
      </object_component>
      <object_component id="oc-24e">
         <name>.debug_info</name>
         <load_address>0xa987</load_address>
         <run_address>0xa987</run_address>
         <size>0x184</size>
         <input_file_ref idref="fl-9"/>
      </object_component>
      <object_component id="oc-13f">
         <name>.debug_info</name>
         <load_address>0xab0b</load_address>
         <run_address>0xab0b</run_address>
         <size>0xd21</size>
         <input_file_ref idref="fl-9"/>
      </object_component>
      <object_component id="oc-72">
         <name>.debug_info</name>
         <load_address>0xb82c</load_address>
         <run_address>0xb82c</run_address>
         <size>0x77a</size>
         <input_file_ref idref="fl-a"/>
      </object_component>
      <object_component id="oc-38">
         <name>.debug_info</name>
         <load_address>0xbfa6</load_address>
         <run_address>0xbfa6</run_address>
         <size>0x101</size>
         <input_file_ref idref="fl-b"/>
      </object_component>
      <object_component id="oc-17f">
         <name>.debug_info</name>
         <load_address>0xc0a7</load_address>
         <run_address>0xc0a7</run_address>
         <size>0x43a</size>
         <input_file_ref idref="fl-c"/>
      </object_component>
      <object_component id="oc-96">
         <name>.debug_info</name>
         <load_address>0xc4e1</load_address>
         <run_address>0xc4e1</run_address>
         <size>0x1c0</size>
         <input_file_ref idref="fl-c"/>
      </object_component>
      <object_component id="oc-2ae">
         <name>.debug_info</name>
         <load_address>0xc6a1</load_address>
         <run_address>0xc6a1</run_address>
         <size>0x16b</size>
         <input_file_ref idref="fl-e"/>
      </object_component>
      <object_component id="oc-312">
         <name>.debug_info</name>
         <load_address>0xc80c</load_address>
         <run_address>0xc80c</run_address>
         <size>0x242</size>
         <input_file_ref idref="fl-e"/>
      </object_component>
      <object_component id="oc-1f8">
         <name>.debug_info</name>
         <load_address>0xca4e</load_address>
         <run_address>0xca4e</run_address>
         <size>0x2af</size>
         <input_file_ref idref="fl-e"/>
      </object_component>
      <object_component id="oc-3d">
         <name>.debug_info</name>
         <load_address>0xccfd</load_address>
         <run_address>0xccfd</run_address>
         <size>0x136</size>
         <input_file_ref idref="fl-f"/>
      </object_component>
      <object_component id="oc-f2">
         <name>.debug_info</name>
         <load_address>0xce33</load_address>
         <run_address>0xce33</run_address>
         <size>0x360</size>
         <input_file_ref idref="fl-10"/>
      </object_component>
      <object_component id="oc-f7">
         <name>.debug_info</name>
         <load_address>0xd193</load_address>
         <run_address>0xd193</run_address>
         <size>0x52d</size>
         <input_file_ref idref="fl-11"/>
      </object_component>
      <object_component id="oc-8a">
         <name>.debug_info</name>
         <load_address>0xd6c0</load_address>
         <run_address>0xd6c0</run_address>
         <size>0x27fb</size>
         <input_file_ref idref="fl-11"/>
      </object_component>
      <object_component id="oc-1d">
         <name>.debug_info</name>
         <load_address>0xfebb</load_address>
         <run_address>0xfebb</run_address>
         <size>0x51d</size>
         <input_file_ref idref="fl-12"/>
      </object_component>
      <object_component id="oc-7e">
         <name>.debug_info</name>
         <load_address>0x103d8</load_address>
         <run_address>0x103d8</run_address>
         <size>0x12f</size>
         <input_file_ref idref="fl-12"/>
      </object_component>
      <object_component id="oc-a6">
         <name>.debug_info</name>
         <load_address>0x10507</load_address>
         <run_address>0x10507</run_address>
         <size>0x36b</size>
         <input_file_ref idref="fl-13"/>
      </object_component>
      <object_component id="oc-29">
         <name>.debug_info</name>
         <load_address>0x10872</load_address>
         <run_address>0x10872</run_address>
         <size>0xde</size>
         <input_file_ref idref="fl-13"/>
      </object_component>
      <object_component id="oc-46">
         <name>.debug_info</name>
         <load_address>0x10950</load_address>
         <run_address>0x10950</run_address>
         <size>0x470</size>
         <input_file_ref idref="fl-13"/>
      </object_component>
      <object_component id="oc-4a">
         <name>.debug_info</name>
         <load_address>0x10dc0</load_address>
         <run_address>0x10dc0</run_address>
         <size>0x1f9</size>
         <input_file_ref idref="fl-13"/>
      </object_component>
      <object_component id="oc-1b0">
         <name>.debug_info</name>
         <load_address>0x10fb9</load_address>
         <run_address>0x10fb9</run_address>
         <size>0x4f</size>
         <input_file_ref idref="fl-13"/>
      </object_component>
      <object_component id="oc-f0">
         <name>.debug_info</name>
         <load_address>0x11008</load_address>
         <run_address>0x11008</run_address>
         <size>0x3d9</size>
         <input_file_ref idref="fl-14"/>
      </object_component>
      <object_component id="oc-84">
         <name>.debug_info</name>
         <load_address>0x113e1</load_address>
         <run_address>0x113e1</run_address>
         <size>0x7d3</size>
         <input_file_ref idref="fl-14"/>
      </object_component>
      <object_component id="oc-287">
         <name>.debug_info</name>
         <load_address>0x11bb4</load_address>
         <run_address>0x11bb4</run_address>
         <size>0x20e</size>
         <input_file_ref idref="fl-ce"/>
      </object_component>
      <object_component id="oc-172">
         <name>.debug_info</name>
         <load_address>0x11dc2</load_address>
         <run_address>0x11dc2</run_address>
         <size>0x78d</size>
         <input_file_ref idref="fl-ce"/>
      </object_component>
      <object_component id="oc-30b">
         <name>.debug_info</name>
         <load_address>0x1254f</load_address>
         <run_address>0x1254f</run_address>
         <size>0x46</size>
         <input_file_ref idref="fl-ce"/>
      </object_component>
      <object_component id="oc-288">
         <name>.debug_info</name>
         <load_address>0x12595</load_address>
         <run_address>0x12595</run_address>
         <size>0x39</size>
         <input_file_ref idref="fl-ce"/>
      </object_component>
      <object_component id="oc-15f">
         <name>.debug_info</name>
         <load_address>0x125ce</load_address>
         <run_address>0x125ce</run_address>
         <size>0x143</size>
         <input_file_ref idref="fl-cf"/>
      </object_component>
      <object_component id="oc-277">
         <name>.debug_info</name>
         <load_address>0x12711</load_address>
         <run_address>0x12711</run_address>
         <size>0x10a</size>
         <input_file_ref idref="fl-d0"/>
      </object_component>
      <object_component id="oc-2f4">
         <name>.debug_info</name>
         <load_address>0x1281b</load_address>
         <run_address>0x1281b</run_address>
         <size>0x10c</size>
         <input_file_ref idref="fl-d0"/>
      </object_component>
      <object_component id="oc-227">
         <name>.debug_info</name>
         <load_address>0x12927</load_address>
         <run_address>0x12927</run_address>
         <size>0x128</size>
         <input_file_ref idref="fl-d1"/>
      </object_component>
      <object_component id="oc-15b">
         <name>.debug_info</name>
         <load_address>0x12a4f</load_address>
         <run_address>0x12a4f</run_address>
         <size>0x128</size>
         <input_file_ref idref="fl-d2"/>
      </object_component>
      <object_component id="oc-267">
         <name>.debug_info</name>
         <load_address>0x12b77</load_address>
         <run_address>0x12b77</run_address>
         <size>0x116</size>
         <input_file_ref idref="fl-d3"/>
      </object_component>
      <object_component id="oc-165">
         <name>.debug_info</name>
         <load_address>0x12c8d</load_address>
         <run_address>0x12c8d</run_address>
         <size>0x11d</size>
         <input_file_ref idref="fl-d4"/>
      </object_component>
      <object_component id="oc-22b">
         <name>.debug_info</name>
         <load_address>0x12daa</load_address>
         <run_address>0x12daa</run_address>
         <size>0x121</size>
         <input_file_ref idref="fl-d5"/>
      </object_component>
      <object_component id="oc-154">
         <name>.debug_info</name>
         <load_address>0x12ecb</load_address>
         <run_address>0x12ecb</run_address>
         <size>0x114</size>
         <input_file_ref idref="fl-d6"/>
      </object_component>
      <object_component id="oc-16d">
         <name>.debug_info</name>
         <load_address>0x12fdf</load_address>
         <run_address>0x12fdf</run_address>
         <size>0x116</size>
         <input_file_ref idref="fl-d7"/>
      </object_component>
      <object_component id="oc-179">
         <name>.debug_info</name>
         <load_address>0x130f5</load_address>
         <run_address>0x130f5</run_address>
         <size>0x134</size>
         <input_file_ref idref="fl-d8"/>
      </object_component>
      <object_component id="oc-272">
         <name>.debug_info</name>
         <load_address>0x13229</load_address>
         <run_address>0x13229</run_address>
         <size>0x10b</size>
         <input_file_ref idref="fl-d9"/>
      </object_component>
      <object_component id="oc-151">
         <name>.debug_info</name>
         <load_address>0x13334</load_address>
         <run_address>0x13334</run_address>
         <size>0x10b</size>
         <input_file_ref idref="fl-da"/>
      </object_component>
      <object_component id="oc-5c">
         <name>.debug_info</name>
         <load_address>0x1343f</load_address>
         <run_address>0x1343f</run_address>
         <size>0x164</size>
         <input_file_ref idref="fl-db"/>
      </object_component>
      <object_component id="oc-231">
         <name>.debug_info</name>
         <load_address>0x135a3</load_address>
         <run_address>0x135a3</run_address>
         <size>0x10d</size>
         <input_file_ref idref="fl-dc"/>
      </object_component>
      <object_component id="oc-dc">
         <name>.debug_info</name>
         <load_address>0x136b0</load_address>
         <run_address>0x136b0</run_address>
         <size>0x12c</size>
         <input_file_ref idref="fl-dd"/>
      </object_component>
      <object_component id="oc-168">
         <name>.debug_info</name>
         <load_address>0x137dc</load_address>
         <run_address>0x137dc</run_address>
         <size>0x12f</size>
         <input_file_ref idref="fl-de"/>
      </object_component>
      <object_component id="oc-223">
         <name>.debug_info</name>
         <load_address>0x1390b</load_address>
         <run_address>0x1390b</run_address>
         <size>0x131</size>
         <input_file_ref idref="fl-df"/>
      </object_component>
      <object_component id="oc-212">
         <name>.debug_info</name>
         <load_address>0x13a3c</load_address>
         <run_address>0x13a3c</run_address>
         <size>0x365</size>
         <input_file_ref idref="fl-e0"/>
      </object_component>
      <object_component id="oc-100">
         <name>.debug_info</name>
         <load_address>0x13da1</load_address>
         <run_address>0x13da1</run_address>
         <size>0x186</size>
         <input_file_ref idref="fl-e0"/>
      </object_component>
      <object_component id="oc-2b1">
         <name>.debug_info</name>
         <load_address>0x13f27</load_address>
         <run_address>0x13f27</run_address>
         <size>0x39</size>
         <input_file_ref idref="fl-e0"/>
      </object_component>
      <object_component id="oc-317">
         <name>.debug_info</name>
         <load_address>0x13f60</load_address>
         <run_address>0x13f60</run_address>
         <size>0x39</size>
         <input_file_ref idref="fl-e0"/>
      </object_component>
      <object_component id="oc-2b6">
         <name>.debug_info</name>
         <load_address>0x13f99</load_address>
         <run_address>0x13f99</run_address>
         <size>0x39</size>
         <input_file_ref idref="fl-e0"/>
      </object_component>
      <object_component id="oc-2bb">
         <name>.debug_info</name>
         <load_address>0x13fd2</load_address>
         <run_address>0x13fd2</run_address>
         <size>0xcd</size>
         <input_file_ref idref="fl-e0"/>
      </object_component>
      <object_component id="oc-da">
         <name>.debug_info</name>
         <load_address>0x1409f</load_address>
         <run_address>0x1409f</run_address>
         <size>0x181</size>
         <input_file_ref idref="fl-e2"/>
      </object_component>
      <object_component id="oc-6e">
         <name>.debug_info</name>
         <load_address>0x14220</load_address>
         <run_address>0x14220</run_address>
         <size>0x180</size>
         <input_file_ref idref="fl-e2"/>
      </object_component>
      <object_component id="oc-d5">
         <name>.debug_info</name>
         <load_address>0x143a0</load_address>
         <run_address>0x143a0</run_address>
         <size>0x46</size>
         <input_file_ref idref="fl-e2"/>
      </object_component>
      <object_component id="oc-64">
         <name>.debug_info</name>
         <load_address>0x143e6</load_address>
         <run_address>0x143e6</run_address>
         <size>0x155</size>
         <input_file_ref idref="fl-e3"/>
      </object_component>
      <object_component id="oc-17">
         <name>.debug_info</name>
         <load_address>0x1453b</load_address>
         <run_address>0x1453b</run_address>
         <size>0x1b5</size>
         <input_file_ref idref="fl-e3"/>
      </object_component>
      <object_component id="oc-5f">
         <name>.debug_info</name>
         <load_address>0x146f0</load_address>
         <run_address>0x146f0</run_address>
         <size>0x46</size>
         <input_file_ref idref="fl-e3"/>
      </object_component>
      <object_component id="oc-cd">
         <name>.debug_info</name>
         <load_address>0x14736</load_address>
         <run_address>0x14736</run_address>
         <size>0x2c</size>
         <input_file_ref idref="fl-e3"/>
      </object_component>
      <object_component id="oc-cb">
         <name>.debug_info</name>
         <load_address>0x14762</load_address>
         <run_address>0x14762</run_address>
         <size>0x150</size>
         <input_file_ref idref="fl-e4"/>
      </object_component>
      <object_component id="oc-10">
         <name>.debug_info</name>
         <load_address>0x148b2</load_address>
         <run_address>0x148b2</run_address>
         <size>0x230</size>
         <input_file_ref idref="fl-e4"/>
      </object_component>
      <object_component id="oc-4f">
         <name>.debug_info</name>
         <load_address>0x14ae2</load_address>
         <run_address>0x14ae2</run_address>
         <size>0x60</size>
         <input_file_ref idref="fl-e4"/>
      </object_component>
      <object_component id="oc-1bc">
         <name>.debug_info</name>
         <load_address>0x14b42</load_address>
         <run_address>0x14b42</run_address>
         <size>0x46</size>
         <input_file_ref idref="fl-e4"/>
      </object_component>
      <object_component id="oc-c6">
         <name>.debug_info</name>
         <load_address>0x14b88</load_address>
         <run_address>0x14b88</run_address>
         <size>0x39</size>
         <input_file_ref idref="fl-e4"/>
      </object_component>
      <object_component id="oc-301">
         <name>.debug_info</name>
         <load_address>0x14bc1</load_address>
         <run_address>0x14bc1</run_address>
         <size>0x1e3</size>
         <input_file_ref idref="fl-e5"/>
      </object_component>
      <object_component id="oc-2f8">
         <name>.debug_info</name>
         <load_address>0x14da4</load_address>
         <run_address>0x14da4</run_address>
         <size>0xe7</size>
         <input_file_ref idref="fl-e5"/>
      </object_component>
      <object_component id="oc-2fb">
         <name>.debug_info</name>
         <load_address>0x14e8b</load_address>
         <run_address>0x14e8b</run_address>
         <size>0xe3</size>
         <input_file_ref idref="fl-e5"/>
      </object_component>
      <object_component id="oc-2fe">
         <name>.debug_info</name>
         <load_address>0x14f6e</load_address>
         <run_address>0x14f6e</run_address>
         <size>0xe2</size>
         <input_file_ref idref="fl-e5"/>
      </object_component>
      <object_component id="oc-27d">
         <name>.debug_info</name>
         <load_address>0x15050</load_address>
         <run_address>0x15050</run_address>
         <size>0x715</size>
         <input_file_ref idref="fl-e5"/>
      </object_component>
      <object_component id="oc-341">
         <name>.debug_info</name>
         <load_address>0x15765</load_address>
         <run_address>0x15765</run_address>
         <size>0x39</size>
         <input_file_ref idref="fl-e5"/>
      </object_component>
      <object_component id="oc-302">
         <name>.debug_info</name>
         <load_address>0x1579e</load_address>
         <run_address>0x1579e</run_address>
         <size>0x2c</size>
         <input_file_ref idref="fl-e5"/>
      </object_component>
      <object_component id="oc-143">
         <name>.debug_info</name>
         <load_address>0x157ca</load_address>
         <run_address>0x157ca</run_address>
         <size>0x102</size>
         <input_file_ref idref="fl-e6"/>
      </object_component>
      <object_component id="oc-308">
         <name>.debug_info</name>
         <load_address>0x158cc</load_address>
         <run_address>0x158cc</run_address>
         <size>0x135</size>
         <input_file_ref idref="fl-e8"/>
      </object_component>
      <object_component id="oc-281">
         <name>.debug_info</name>
         <load_address>0x15a01</load_address>
         <run_address>0x15a01</run_address>
         <size>0x305</size>
         <input_file_ref idref="fl-e8"/>
      </object_component>
      <object_component id="oc-2e3">
         <name>.debug_info</name>
         <load_address>0x15d06</load_address>
         <run_address>0x15d06</run_address>
         <size>0x135</size>
         <input_file_ref idref="fl-e9"/>
      </object_component>
      <object_component id="oc-26b">
         <name>.debug_info</name>
         <load_address>0x15e3b</load_address>
         <run_address>0x15e3b</run_address>
         <size>0x356</size>
         <input_file_ref idref="fl-e9"/>
      </object_component>
      <object_component id="oc-337">
         <name>.debug_info</name>
         <load_address>0x16191</load_address>
         <run_address>0x16191</run_address>
         <size>0x137</size>
         <input_file_ref idref="fl-ea"/>
      </object_component>
      <object_component id="oc-2ef">
         <name>.debug_info</name>
         <load_address>0x162c8</load_address>
         <run_address>0x162c8</run_address>
         <size>0x209</size>
         <input_file_ref idref="fl-ea"/>
      </object_component>
      <object_component id="oc-335">
         <name>.debug_info</name>
         <load_address>0x164d1</load_address>
         <run_address>0x164d1</run_address>
         <size>0x1a5</size>
         <input_file_ref idref="fl-eb"/>
      </object_component>
      <object_component id="oc-2e8">
         <name>.debug_info</name>
         <load_address>0x16676</load_address>
         <run_address>0x16676</run_address>
         <size>0x1d5</size>
         <input_file_ref idref="fl-eb"/>
      </object_component>
      <object_component id="oc-330">
         <name>.debug_info</name>
         <load_address>0x1684b</load_address>
         <run_address>0x1684b</run_address>
         <size>0x13f</size>
         <input_file_ref idref="fl-ec"/>
      </object_component>
      <object_component id="oc-260">
         <name>.debug_info</name>
         <load_address>0x1698a</load_address>
         <run_address>0x1698a</run_address>
         <size>0xf5</size>
         <input_file_ref idref="fl-ed"/>
      </object_component>
      <object_component id="oc-34c">
         <name>.debug_info</name>
         <load_address>0x16a7f</load_address>
         <run_address>0x16a7f</run_address>
         <size>0x13b</size>
         <input_file_ref idref="fl-ee"/>
      </object_component>
      <object_component id="oc-349">
         <name>.debug_info</name>
         <load_address>0x16bba</load_address>
         <run_address>0x16bba</run_address>
         <size>0xee</size>
         <input_file_ref idref="fl-ee"/>
      </object_component>
      <object_component id="oc-32b">
         <name>.debug_info</name>
         <load_address>0x16ca8</load_address>
         <run_address>0x16ca8</run_address>
         <size>0x12e</size>
         <input_file_ref idref="fl-ee"/>
      </object_component>
      <object_component id="oc-37f">
         <name>.debug_info</name>
         <load_address>0x16dd6</load_address>
         <run_address>0x16dd6</run_address>
         <size>0xa0</size>
      </object_component>
      <object_component id="oc-2a4">
         <name>.debug_line</name>
         <load_address>0x0</load_address>
         <run_address>0x0</run_address>
         <size>0x5d</size>
         <input_file_ref idref="fl-2"/>
      </object_component>
      <object_component id="oc-2cf">
         <name>.debug_line</name>
         <load_address>0x5d</load_address>
         <run_address>0x5d</run_address>
         <size>0x33</size>
         <input_file_ref idref="fl-2"/>
      </object_component>
      <object_component id="oc-2cd">
         <name>.debug_line</name>
         <load_address>0x90</load_address>
         <run_address>0x90</run_address>
         <size>0x33</size>
         <input_file_ref idref="fl-2"/>
      </object_component>
      <object_component id="oc-139">
         <name>.debug_line</name>
         <load_address>0xc3</load_address>
         <run_address>0xc3</run_address>
         <size>0x2d7</size>
         <input_file_ref idref="fl-2"/>
      </object_component>
      <object_component id="oc-26">
         <name>.debug_line</name>
         <load_address>0x39a</load_address>
         <run_address>0x39a</run_address>
         <size>0x4c</size>
         <input_file_ref idref="fl-2"/>
      </object_component>
      <object_component id="oc-1d3">
         <name>.debug_line</name>
         <load_address>0x3e6</load_address>
         <run_address>0x3e6</run_address>
         <size>0x61</size>
         <input_file_ref idref="fl-2"/>
      </object_component>
      <object_component id="oc-190">
         <name>.debug_line</name>
         <load_address>0x447</load_address>
         <run_address>0x447</run_address>
         <size>0x6f</size>
         <input_file_ref idref="fl-2"/>
      </object_component>
      <object_component id="oc-ab">
         <name>.debug_line</name>
         <load_address>0x4b6</load_address>
         <run_address>0x4b6</run_address>
         <size>0x66</size>
         <input_file_ref idref="fl-2"/>
      </object_component>
      <object_component id="oc-be">
         <name>.debug_line</name>
         <load_address>0x51c</load_address>
         <run_address>0x51c</run_address>
         <size>0x20</size>
         <input_file_ref idref="fl-2"/>
      </object_component>
      <object_component id="oc-b9">
         <name>.debug_line</name>
         <load_address>0x53c</load_address>
         <run_address>0x53c</run_address>
         <size>0x61</size>
         <input_file_ref idref="fl-2"/>
      </object_component>
      <object_component id="oc-2a1">
         <name>.debug_line</name>
         <load_address>0x59d</load_address>
         <run_address>0x59d</run_address>
         <size>0x73</size>
         <input_file_ref idref="fl-2"/>
      </object_component>
      <object_component id="oc-1b8">
         <name>.debug_line</name>
         <load_address>0x610</load_address>
         <run_address>0x610</run_address>
         <size>0x70</size>
         <input_file_ref idref="fl-2"/>
      </object_component>
      <object_component id="oc-c3">
         <name>.debug_line</name>
         <load_address>0x680</load_address>
         <run_address>0x680</run_address>
         <size>0x64</size>
         <input_file_ref idref="fl-2"/>
      </object_component>
      <object_component id="oc-298">
         <name>.debug_line</name>
         <load_address>0x6e4</load_address>
         <run_address>0x6e4</run_address>
         <size>0x5d</size>
         <input_file_ref idref="fl-2"/>
      </object_component>
      <object_component id="oc-1ae">
         <name>.debug_line</name>
         <load_address>0x741</load_address>
         <run_address>0x741</run_address>
         <size>0x61</size>
         <input_file_ref idref="fl-2"/>
      </object_component>
      <object_component id="oc-af">
         <name>.debug_line</name>
         <load_address>0x7a2</load_address>
         <run_address>0x7a2</run_address>
         <size>0x78</size>
         <input_file_ref idref="fl-3"/>
      </object_component>
      <object_component id="oc-2a6">
         <name>.debug_line</name>
         <load_address>0x81a</load_address>
         <run_address>0x81a</run_address>
         <size>0x20</size>
         <input_file_ref idref="fl-4"/>
      </object_component>
      <object_component id="oc-7a">
         <name>.debug_line</name>
         <load_address>0x83a</load_address>
         <run_address>0x83a</run_address>
         <size>0x1ea</size>
         <input_file_ref idref="fl-4"/>
      </object_component>
      <object_component id="oc-57">
         <name>.debug_line</name>
         <load_address>0xa24</load_address>
         <run_address>0xa24</run_address>
         <size>0x20</size>
         <input_file_ref idref="fl-4"/>
      </object_component>
      <object_component id="oc-e6">
         <name>.debug_line</name>
         <load_address>0xa44</load_address>
         <run_address>0xa44</run_address>
         <size>0x70</size>
         <input_file_ref idref="fl-4"/>
      </object_component>
      <object_component id="oc-210">
         <name>.debug_line</name>
         <load_address>0xab4</load_address>
         <run_address>0xab4</run_address>
         <size>0x5d</size>
         <input_file_ref idref="fl-5"/>
      </object_component>
      <object_component id="oc-92">
         <name>.debug_line</name>
         <load_address>0xb11</load_address>
         <run_address>0xb11</run_address>
         <size>0x26b</size>
         <input_file_ref idref="fl-5"/>
      </object_component>
      <object_component id="oc-2f">
         <name>.debug_line</name>
         <load_address>0xd7c</load_address>
         <run_address>0xd7c</run_address>
         <size>0x63</size>
         <input_file_ref idref="fl-5"/>
      </object_component>
      <object_component id="oc-195">
         <name>.debug_line</name>
         <load_address>0xddf</load_address>
         <run_address>0xddf</run_address>
         <size>0x61</size>
         <input_file_ref idref="fl-5"/>
      </object_component>
      <object_component id="oc-fc">
         <name>.debug_line</name>
         <load_address>0xe40</load_address>
         <run_address>0xe40</run_address>
         <size>0x5d</size>
         <input_file_ref idref="fl-5"/>
      </object_component>
      <object_component id="oc-2cb">
         <name>.debug_line</name>
         <load_address>0xe9d</load_address>
         <run_address>0xe9d</run_address>
         <size>0x5d</size>
         <input_file_ref idref="fl-6"/>
      </object_component>
      <object_component id="oc-2c9">
         <name>.debug_line</name>
         <load_address>0xefa</load_address>
         <run_address>0xefa</run_address>
         <size>0x33</size>
         <input_file_ref idref="fl-6"/>
      </object_component>
      <object_component id="oc-2c7">
         <name>.debug_line</name>
         <load_address>0xf2d</load_address>
         <run_address>0xf2d</run_address>
         <size>0x33</size>
         <input_file_ref idref="fl-6"/>
      </object_component>
      <object_component id="oc-133">
         <name>.debug_line</name>
         <load_address>0xf60</load_address>
         <run_address>0xf60</run_address>
         <size>0x28b</size>
         <input_file_ref idref="fl-6"/>
      </object_component>
      <object_component id="oc-36">
         <name>.debug_line</name>
         <load_address>0x11eb</load_address>
         <run_address>0x11eb</run_address>
         <size>0x58</size>
         <input_file_ref idref="fl-6"/>
      </object_component>
      <object_component id="oc-1c6">
         <name>.debug_line</name>
         <load_address>0x1243</load_address>
         <run_address>0x1243</run_address>
         <size>0x6b</size>
         <input_file_ref idref="fl-6"/>
      </object_component>
      <object_component id="oc-19f">
         <name>.debug_line</name>
         <load_address>0x12ae</load_address>
         <run_address>0x12ae</run_address>
         <size>0x61</size>
         <input_file_ref idref="fl-6"/>
      </object_component>
      <object_component id="oc-1ec">
         <name>.debug_line</name>
         <load_address>0x130f</load_address>
         <run_address>0x130f</run_address>
         <size>0x61</size>
         <input_file_ref idref="fl-6"/>
      </object_component>
      <object_component id="oc-23f">
         <name>.debug_line</name>
         <load_address>0x1370</load_address>
         <run_address>0x1370</run_address>
         <size>0x5d</size>
         <input_file_ref idref="fl-6"/>
      </object_component>
      <object_component id="oc-28f">
         <name>.debug_line</name>
         <load_address>0x13cd</load_address>
         <run_address>0x13cd</run_address>
         <size>0x126</size>
         <input_file_ref idref="fl-7"/>
      </object_component>
      <object_component id="oc-29d">
         <name>.debug_line</name>
         <load_address>0x14f3</load_address>
         <run_address>0x14f3</run_address>
         <size>0x3c</size>
         <input_file_ref idref="fl-7"/>
      </object_component>
      <object_component id="oc-a1">
         <name>.debug_line</name>
         <load_address>0x152f</load_address>
         <run_address>0x152f</run_address>
         <size>0x11b</size>
         <input_file_ref idref="fl-7"/>
      </object_component>
      <object_component id="oc-1d8">
         <name>.debug_line</name>
         <load_address>0x164a</load_address>
         <run_address>0x164a</run_address>
         <size>0x64</size>
         <input_file_ref idref="fl-7"/>
      </object_component>
      <object_component id="oc-1dd">
         <name>.debug_line</name>
         <load_address>0x16ae</load_address>
         <run_address>0x16ae</run_address>
         <size>0x61</size>
         <input_file_ref idref="fl-7"/>
      </object_component>
      <object_component id="oc-293">
         <name>.debug_line</name>
         <load_address>0x170f</load_address>
         <run_address>0x170f</run_address>
         <size>0x61</size>
         <input_file_ref idref="fl-7"/>
      </object_component>
      <object_component id="oc-1e2">
         <name>.debug_line</name>
         <load_address>0x1770</load_address>
         <run_address>0x1770</run_address>
         <size>0x61</size>
         <input_file_ref idref="fl-7"/>
      </object_component>
      <object_component id="oc-20d">
         <name>.debug_line</name>
         <load_address>0x17d1</load_address>
         <run_address>0x17d1</run_address>
         <size>0x66</size>
         <input_file_ref idref="fl-7"/>
      </object_component>
      <object_component id="oc-24c">
         <name>.debug_line</name>
         <load_address>0x1837</load_address>
         <run_address>0x1837</run_address>
         <size>0x5d</size>
         <input_file_ref idref="fl-7"/>
      </object_component>
      <object_component id="oc-1e7">
         <name>.debug_line</name>
         <load_address>0x1894</load_address>
         <run_address>0x1894</run_address>
         <size>0x61</size>
         <input_file_ref idref="fl-7"/>
      </object_component>
      <object_component id="oc-19a">
         <name>.debug_line</name>
         <load_address>0x18f5</load_address>
         <run_address>0x18f5</run_address>
         <size>0x63</size>
         <input_file_ref idref="fl-7"/>
      </object_component>
      <object_component id="oc-200">
         <name>.debug_line</name>
         <load_address>0x1958</load_address>
         <run_address>0x1958</run_address>
         <size>0x60</size>
         <input_file_ref idref="fl-7"/>
      </object_component>
      <object_component id="oc-1f6">
         <name>.debug_line</name>
         <load_address>0x19b8</load_address>
         <run_address>0x19b8</run_address>
         <size>0x63</size>
         <input_file_ref idref="fl-7"/>
      </object_component>
      <object_component id="oc-205">
         <name>.debug_line</name>
         <load_address>0x1a1b</load_address>
         <run_address>0x1a1b</run_address>
         <size>0x61</size>
         <input_file_ref idref="fl-7"/>
      </object_component>
      <object_component id="oc-1a4">
         <name>.debug_line</name>
         <load_address>0x1a7c</load_address>
         <run_address>0x1a7c</run_address>
         <size>0x64</size>
         <input_file_ref idref="fl-7"/>
      </object_component>
      <object_component id="oc-1a9">
         <name>.debug_line</name>
         <load_address>0x1ae0</load_address>
         <run_address>0x1ae0</run_address>
         <size>0x63</size>
         <input_file_ref idref="fl-7"/>
      </object_component>
      <object_component id="oc-2a8">
         <name>.debug_line</name>
         <load_address>0x1b43</load_address>
         <run_address>0x1b43</run_address>
         <size>0x20</size>
         <input_file_ref idref="fl-8"/>
      </object_component>
      <object_component id="oc-ea">
         <name>.debug_line</name>
         <load_address>0x1b63</load_address>
         <run_address>0x1b63</run_address>
         <size>0x80</size>
         <input_file_ref idref="fl-8"/>
      </object_component>
      <object_component id="oc-1f1">
         <name>.debug_line</name>
         <load_address>0x1be3</load_address>
         <run_address>0x1be3</run_address>
         <size>0x64</size>
         <input_file_ref idref="fl-8"/>
      </object_component>
      <object_component id="oc-2ac">
         <name>.debug_line</name>
         <load_address>0x1c47</load_address>
         <run_address>0x1c47</run_address>
         <size>0x60</size>
         <input_file_ref idref="fl-8"/>
      </object_component>
      <object_component id="oc-2d1">
         <name>.debug_line</name>
         <load_address>0x1ca7</load_address>
         <run_address>0x1ca7</run_address>
         <size>0x20</size>
         <input_file_ref idref="fl-9"/>
      </object_component>
      <object_component id="oc-13c">
         <name>.debug_line</name>
         <load_address>0x1cc7</load_address>
         <run_address>0x1cc7</run_address>
         <size>0x2d4</size>
         <input_file_ref idref="fl-9"/>
      </object_component>
      <object_component id="oc-75">
         <name>.debug_line</name>
         <load_address>0x1f9b</load_address>
         <run_address>0x1f9b</run_address>
         <size>0x2a5</size>
         <input_file_ref idref="fl-a"/>
      </object_component>
[...]
         <object_component_ref idref="oc-f1"/>
      </symbol>
      <symbol id="sm-3c6">
         <name>_pmuSetCountEvent_</name>
         <value>0x8e08</value>
         <object_component_ref idref="oc-f1"/>
      </symbol>
      <symbol id="sm-3c7">
         <name>_pmuGetCycleCount_</name>
         <value>0x8e14</value>
         <object_component_ref idref="oc-f1"/>
      </symbol>
      <symbol id="sm-3c8">
         <name>_pmuEnableCountersGlobal_</name>
         <value>0x8da8</value>
         <object_component_ref idref="oc-f1"/>
      </symbol>
      <symbol id="sm-3c9">
         <name>_pmuDisableCountersGlobal_</name>
         <value>0x8db8</value>
         <object_component_ref idref="oc-f1"/>
      </symbol>
      <symbol id="sm-3ca">
         <name>_pmuStartCounters_</name>
         <value>0x8df8</value>
         <object_component_ref idref="oc-f1"/>
      </symbol>
      <symbol id="sm-52e">
         <name>pbistSelfCheck</name>
         <value>0x2cc</value>
         <object_component_ref idref="oc-88"/>
      </symbol>
      <symbol id="sm-52f">
         <name>fmcBus1ParityCheck</name>
         <value>0x1c00</value>
         <object_component_ref idref="oc-88"/>
      </symbol>
      <symbol id="sm-530">
         <name>can1ParityCheck</name>
         <value>0x10bc</value>
         <object_component_ref idref="oc-88"/>
      </symbol>
      <symbol id="sm-531">
         <name>enableParity</name>
         <value>0x23d0</value>
         <object_component_ref idref="oc-88"/>
      </symbol>
      <symbol id="sm-532">
         <name>custom_dabort</name>
         <value>0xdf4</value>
         <object_component_ref idref="oc-88"/>
      </symbol>
      <symbol id="sm-533">
         <name>memoryInit</name>
         <value>0x174</value>
         <object_component_ref idref="oc-88"/>
      </symbol>
      <symbol id="sm-534">
         <name>stcSelfCheck</name>
         <value>0x1b8</value>
         <object_component_ref idref="oc-88"/>
      </symbol>
      <symbol id="sm-535">
         <name>efcGetConfigValue</name>
         <value>0x1f98</value>
         <object_component_ref idref="oc-88"/>
      </symbol>
      <symbol id="sm-536">
         <name>can2ParityCheck</name>
         <value>0x1198</value>
         <object_component_ref idref="oc-88"/>
      </symbol>
      <symbol id="sm-537">
         <name>het1ParityCheck</name>
         <value>0xeac</value>
         <object_component_ref idref="oc-88"/>
      </symbol>
      <symbol id="sm-538">
         <name>adc1ParityCheck</name>
         <value>0x1004</value>
         <object_component_ref idref="oc-88"/>
      </symbol>
      <symbol id="sm-539">
         <name>checkefcSelfTest</name>
         <value>0x7bc</value>
         <object_component_ref idref="oc-88"/>
      </symbol>
      <symbol id="sm-53a">
         <name>checkRAMECC</name>
         <value>0x13bc</value>
         <object_component_ref idref="oc-88"/>
      </symbol>
      <symbol id="sm-53b">
         <name>stcSelfCheckFail</name>
         <value>0xdf8</value>
         <object_component_ref idref="oc-88"/>
      </symbol>
      <symbol id="sm-53c">
         <name>ccmSelfCheck</name>
         <value>0x30</value>
         <object_component_ref idref="oc-88"/>
      </symbol>
      <symbol id="sm-53d">
         <name>efcCheck</name>
         <value>0x660</value>
         <object_component_ref idref="oc-88"/>
      </symbol>
      <symbol id="sm-53e">
         <name>cpuSelfTest</name>
         <value>0x234</value>
         <object_component_ref idref="oc-88"/>
      </symbol>
      <symbol id="sm-53f">
         <name>htu1ParityCheck</name>
         <value>0xf4c</value>
         <object_component_ref idref="oc-88"/>
      </symbol>
      <symbol id="sm-540">
         <name>checkFlashECC</name>
         <value>0xd18</value>
         <object_component_ref idref="oc-88"/>
      </symbol>
      <symbol id="sm-541">
         <name>cpuSelfTestFail</name>
         <value>0xdfc</value>
         <object_component_ref idref="oc-88"/>
      </symbol>
      <symbol id="sm-542">
         <name>checkPLL1Slip</name>
         <value>0x1880</value>
         <object_component_ref idref="oc-88"/>
      </symbol>
      <symbol id="sm-543">
         <name>mibspi1ParityCheck</name>
         <value>0x1260</value>
         <object_component_ref idref="oc-88"/>
      </symbol>
      <symbol id="sm-544">
         <name>ccmr4GetConfigValue</name>
         <value>0x2034</value>
         <object_component_ref idref="oc-88"/>
      </symbol>
      <symbol id="sm-545">
         <name>pbistPortTestStatus</name>
         <value>0x608</value>
         <object_component_ref idref="oc-88"/>
      </symbol>
      <symbol id="sm-546">
         <name>checkFlashEEPROMECC</name>
         <value>0x16d8</value>
         <object_component_ref idref="oc-88"/>
      </symbol>
      <symbol id="sm-547">
         <name>pbistGetConfigValue</name>
         <value>0x1db0</value>
         <object_component_ref idref="oc-88"/>
      </symbol>
      <symbol id="sm-548">
         <name>vimParityCheck</name>
         <value>0xe00</value>
         <object_component_ref idref="oc-88"/>
      </symbol>
      <symbol id="sm-549">
         <name>pbistIsTestCompleted</name>
         <value>0x5a8</value>
         <object_component_ref idref="oc-88"/>
      </symbol>
      <symbol id="sm-54a">
         <name>disableParity</name>
         <value>0x2424</value>
         <object_component_ref idref="oc-88"/>
      </symbol>
      <symbol id="sm-54b">
         <name>pbistRun</name>
         <value>0x4ac</value>
         <object_component_ref idref="oc-88"/>
      </symbol>
      <symbol id="sm-54c">
         <name>pbistFail</name>
         <value>0x1d2c</value>
         <object_component_ref idref="oc-88"/>
      </symbol>
      <symbol id="sm-54d">
         <name>selftestFailNotification</name>
         <value>0x20</value>
         <object_component_ref idref="oc-88"/>
      </symbol>
      <symbol id="sm-54e">
         <name>errata_PBIST_4</name>
         <value>0x20b0</value>
         <object_component_ref idref="oc-88"/>
      </symbol>
      <symbol id="sm-54f">
         <name>efcSelfTest</name>
         <value>0x794</value>
         <object_component_ref idref="oc-88"/>
      </symbol>
      <symbol id="sm-550">
         <name>checkB1RAMECC</name>
         <value>0xb28</value>
         <object_component_ref idref="oc-88"/>
      </symbol>
      <symbol id="sm-551">
         <name>pbistStop</name>
         <value>0x578</value>
         <object_component_ref idref="oc-88"/>
      </symbol>
      <symbol id="sm-552">
         <name>checkRAMAddrParity</name>
         <value>0x199c</value>
         <object_component_ref idref="oc-88"/>
      </symbol>
      <symbol id="sm-553">
         <name>checkB0RAMECC</name>
         <value>0x938</value>
         <object_component_ref idref="oc-88"/>
      </symbol>
      <symbol id="sm-554">
         <name>stcGetConfigValue</name>
         <value>0x1ef8</value>
         <object_component_ref idref="oc-88"/>
      </symbol>
      <symbol id="sm-555">
         <name>pbistIsTestPassed</name>
         <value>0x5d4</value>
         <object_component_ref idref="oc-88"/>
      </symbol>
      <symbol id="sm-556">
         <name>checkClockMonitor</name>
         <value>0x1604</value>
         <object_component_ref idref="oc-88"/>
      </symbol>
      <symbol id="sm-557">
         <name>fmcECCcheck</name>
         <value>0x898</value>
         <object_component_ref idref="oc-88"/>
      </symbol>
      <symbol id="sm-558">
         <name>fmcBus2Check</name>
         <value>0x85c</value>
         <object_component_ref idref="oc-88"/>
      </symbol>
      <symbol id="sm-559">
         <name>checkRAMUERRTest</name>
         <value>0x1aa4</value>
         <object_component_ref idref="oc-88"/>
      </symbol>
      <symbol id="sm-55a">
         <name>efcStuckZeroTest</name>
         <value>0x6e8</value>
         <object_component_ref idref="oc-88"/>
      </symbol>
      <symbol id="sm-583">
         <name>_c_int00</name>
         <value>0x7b8c</value>
         <object_component_ref idref="oc-1c"/>
      </symbol>
      <symbol id="sm-584">
         <name>handlePLLLockFail</name>
         <value>0x94e0</value>
         <object_component_ref idref="oc-7c"/>
      </symbol>
      <symbol id="sm-61b">
         <name>vimChannelMap</name>
         <value>0x4df4</value>
         <object_component_ref idref="oc-44"/>
      </symbol>
      <symbol id="sm-61c">
         <name>vimInit</name>
         <value>0x4d20</value>
         <object_component_ref idref="oc-44"/>
      </symbol>
      <symbol id="sm-61d">
         <name>vimEnableInterrupt</name>
         <value>0x4e98</value>
         <object_component_ref idref="oc-44"/>
      </symbol>
      <symbol id="sm-61e">
         <name>vimDisableInterrupt</name>
         <value>0x4ff0</value>
         <object_component_ref idref="oc-44"/>
      </symbol>
      <symbol id="sm-61f">
         <name>vimGetConfigValue</name>
         <value>0x5074</value>
         <object_component_ref idref="oc-44"/>
      </symbol>
      <symbol id="sm-620">
         <name>vimParityErrorHandler</name>
         <value>0x7700</value>
         <object_component_ref idref="oc-42"/>
      </symbol>
      <symbol id="sm-674">
         <name>systemGetConfigValue</name>
         <value>0x2848</value>
         <object_component_ref idref="oc-82"/>
      </symbol>
      <symbol id="sm-675">
         <name>trimLPO</name>
         <value>0x2560</value>
         <object_component_ref idref="oc-82"/>
      </symbol>
      <symbol id="sm-676">
         <name>systemInit</name>
         <value>0x274c</value>
         <object_component_ref idref="oc-82"/>
      </symbol>
      <symbol id="sm-677">
         <name>customTrimLPO</name>
         <value>0x2ef0</value>
         <object_component_ref idref="oc-82"/>
      </symbol>
      <symbol id="sm-678">
         <name>tcmflashGetConfigValue</name>
         <value>0x2c08</value>
         <object_component_ref idref="oc-82"/>
      </symbol>
      <symbol id="sm-679">
         <name>sramGetConfigValue</name>
         <value>0x2db4</value>
         <object_component_ref idref="oc-82"/>
      </symbol>
      <symbol id="sm-67a">
         <name>periphInit</name>
         <value>0x2614</value>
         <object_component_ref idref="oc-82"/>
      </symbol>
      <symbol id="sm-67b">
         <name>setupFlash</name>
         <value>0x25d4</value>
         <object_component_ref idref="oc-82"/>
      </symbol>
      <symbol id="sm-67c">
         <name>setupPLL</name>
         <value>0x2510</value>
         <object_component_ref idref="oc-82"/>
      </symbol>
      <symbol id="sm-67d">
         <name>mapClocks</name>
         <value>0x2668</value>
         <object_component_ref idref="oc-82"/>
      </symbol>
      <symbol id="sm-67e">
         <name>systemPowerDown</name>
         <value>0x2818</value>
         <object_component_ref idref="oc-82"/>
      </symbol>
      <symbol id="sm-6d1">
         <name>sin</name>
         <value>0x5608</value>
         <object_component_ref idref="oc-171"/>
      </symbol>
      <symbol id="sm-6d2">
         <name>sinl</name>
         <value>0x5608</value>
         <object_component_ref idref="oc-171"/>
      </symbol>
      <symbol id="sm-6e9">
         <name>__aeabi_dsub</name>
         <value>0x7da0</value>
         <object_component_ref idref="oc-15d"/>
      </symbol>
      <symbol id="sm-6ea">
         <name>__aeabi_dadd</name>
         <value>0x7dac</value>
         <object_component_ref idref="oc-15d"/>
      </symbol>
      <symbol id="sm-70c">
         <name>__aeabi_cdcmpeq</name>
         <value>0x8b9c</value>
         <object_component_ref idref="oc-275"/>
      </symbol>
      <symbol id="sm-70d">
         <name>__aeabi_cdcmple</name>
         <value>0x8b9c</value>
         <object_component_ref idref="oc-275"/>
      </symbol>
      <symbol id="sm-70e">
         <name>__aeabi_cdrcmple</name>
         <value>0x8c7c</value>
         <object_component_ref idref="oc-2f2"/>
      </symbol>
      <symbol id="sm-722">
         <name>__aeabi_ddiv</name>
         <value>0x81c4</value>
         <object_component_ref idref="oc-225"/>
      </symbol>
      <symbol id="sm-72d">
         <name>__aeabi_dmul</name>
         <value>0x8780</value>
         <object_component_ref idref="oc-158"/>
      </symbol>
      <symbol id="sm-737">
         <name>__aeabi_d2iz</name>
         <value>0x9108</value>
         <object_component_ref idref="oc-265"/>
      </symbol>
      <symbol id="sm-743">
         <name>__aeabi_d2f</name>
         <value>0x8eec</value>
         <object_component_ref idref="oc-162"/>
      </symbol>
      <symbol id="sm-74d">
         <name>__aeabi_d2uiz</name>
         <value>0x91c0</value>
         <object_component_ref idref="oc-22a"/>
      </symbol>
      <symbol id="sm-758">
         <name>__aeabi_f2d</name>
         <value>0x9164</value>
         <object_component_ref idref="oc-153"/>
      </symbol>
      <symbol id="sm-762">
         <name>__aeabi_f2iz</name>
         <value>0x9314</value>
         <object_component_ref idref="oc-16c"/>
      </symbol>
      <symbol id="sm-76d">
         <name>__aeabi_f2uiz</name>
         <value>0x9360</value>
         <object_component_ref idref="oc-177"/>
      </symbol>
      <symbol id="sm-777">
         <name>__aeabi_i2d</name>
         <value>0x93f8</value>
         <object_component_ref idref="oc-270"/>
      </symbol>
      <symbol id="sm-782">
         <name>__aeabi_i2f</name>
         <value>0x93ac</value>
         <object_component_ref idref="oc-14e"/>
      </symbol>
      <symbol id="sm-79b">
         <name>memcpy</name>
         <value>0x8354</value>
         <object_component_ref idref="oc-59"/>
      </symbol>
      <symbol id="sm-79c">
         <name>__aeabi_memcpy</name>
         <value>0x8354</value>
         <object_component_ref idref="oc-59"/>
      </symbol>
      <symbol id="sm-79d">
         <name>__aeabi_memcpy8</name>
         <value>0x8354</value>
         <object_component_ref idref="oc-59"/>
      </symbol>
      <symbol id="sm-79e">
         <name>__aeabi_memcpy4</name>
         <value>0x8354</value>
         <object_component_ref idref="oc-59"/>
      </symbol>
      <symbol id="sm-7a8">
         <name>__aeabi_ui2d</name>
         <value>0x9434</value>
         <object_component_ref idref="oc-22f"/>
      </symbol>
      <symbol id="sm-7b7">
         <name>__aeabi_memset</name>
         <value>0x8e40</value>
         <object_component_ref idref="oc-db"/>
      </symbol>
      <symbol id="sm-7b8">
         <name>memset</name>
         <value>0x8e4c</value>
         <object_component_ref idref="oc-db"/>
      </symbol>
      <symbol id="sm-7b9">
         <name>__aeabi_memset8</name>
         <value>0x8e40</value>
         <object_component_ref idref="oc-db"/>
      </symbol>
      <symbol id="sm-7ba">
         <name>__aeabi_memset4</name>
         <value>0x8e40</value>
         <object_component_ref idref="oc-db"/>
      </symbol>
      <symbol id="sm-7bb">
         <name>__aeabi_memclr8</name>
         <value>0x8e3c</value>
         <object_component_ref idref="oc-db"/>
      </symbol>
      <symbol id="sm-7bc">
         <name>__aeabi_memclr4</name>
         <value>0x8e3c</value>
         <object_component_ref idref="oc-db"/>
      </symbol>
      <symbol id="sm-7bd">
         <name>__aeabi_memclr</name>
         <value>0x8e3c</value>
         <object_component_ref idref="oc-db"/>
      </symbol>
      <symbol id="sm-7c9">
         <name>__aeabi_idivmod</name>
         <value>0x9270</value>
         <object_component_ref idref="oc-167"/>
      </symbol>
      <symbol id="sm-7ca">
         <name>__aeabi_idiv</name>
         <value>0x9270</value>
         <object_component_ref idref="oc-167"/>
      </symbol>
      <symbol id="sm-7d6">
         <name>__aeabi_uidivmod</name>
         <value>0x92c4</value>
         <object_component_ref idref="oc-220"/>
      </symbol>
      <symbol id="sm-7d7">
         <name>__aeabi_uidiv</name>
         <value>0x92c4</value>
         <object_component_ref idref="oc-220"/>
      </symbol>
      <symbol id="sm-7ff">
         <name>__TI_auto_init_nobinit_nopinit</name>
         <value>0x90a0</value>
         <object_component_ref idref="oc-ff"/>
      </symbol>
      <symbol id="sm-812">
         <name>__TI_zero_init</name>
         <value>0x94a8</value>
         <object_component_ref idref="oc-6b"/>
      </symbol>
      <symbol id="sm-829">
         <name>__TI_decompress_none</name>
         <value>0x9494</value>
         <object_component_ref idref="oc-15"/>
      </symbol>
      <symbol id="sm-84c">
         <name>__TI_decompress_lzss</name>
         <value>0x8f88</value>
         <object_component_ref idref="oc-f"/>
      </symbol>
      <symbol id="sm-8c5">
         <name>__kernel_rem_pio2</name>
         <value>0x3a48</value>
         <object_component_ref idref="oc-27a"/>
      </symbol>
      <symbol id="sm-8d0">
         <name>C$$EXIT</name>
         <value>0x94d0</value>
         <object_component_ref idref="oc-142"/>
      </symbol>
      <symbol id="sm-8d1">
         <name>abort</name>
         <value>0x94d0</value>
         <object_component_ref idref="oc-142"/>
      </symbol>
      <symbol id="sm-8e8">
         <name>__kernel_cos</name>
         <value>0x7fb4</value>
         <object_component_ref idref="oc-280"/>
      </symbol>
      <symbol id="sm-8ff">
         <name>__kernel_sin</name>
         <value>0x7968</value>
         <object_component_ref idref="oc-26a"/>
      </symbol>
      <symbol id="sm-91a">
         <name>floorl</name>
         <value>0x84d4</value>
         <object_component_ref idref="oc-2ec"/>
      </symbol>
      <symbol id="sm-91b">
         <name>floor</name>
         <value>0x84d4</value>
         <object_component_ref idref="oc-2ec"/>
      </symbol>
      <symbol id="sm-937">
         <name>scalbn</name>
         <value>0x88a8</value>
         <object_component_ref idref="oc-2e6"/>
      </symbol>
      <symbol id="sm-938">
         <name>scalbnl</name>
         <value>0x88a8</value>
         <object_component_ref idref="oc-2e6"/>
      </symbol>
      <symbol id="sm-939">
         <name>ldexpl</name>
         <value>0x88a8</value>
         <object_component_ref idref="oc-2e6"/>
      </symbol>
      <symbol id="sm-93a">
         <name>ldexp</name>
         <value>0x88a8</value>
         <object_component_ref idref="oc-2e6"/>
      </symbol>
      <symbol id="sm-944">
         <name>copysign</name>
         <value>0x94c4</value>
         <object_component_ref idref="oc-32e"/>
      </symbol>
      <symbol id="sm-945">
         <name>copysignl</name>
         <value>0x94c4</value>
         <object_component_ref idref="oc-32e"/>
      </symbol>
      <symbol id="sm-94f">
         <name>__aeabi_idiv0</name>
         <value>0x94dc</value>
         <object_component_ref idref="oc-25e"/>
      </symbol>
      <symbol id="sm-950">
         <name>__aeabi_ldiv0</name>
         <value>0x94dc</value>
         <object_component_ref idref="oc-25e"/>
      </symbol>
      <symbol id="sm-966">
         <name>__aeabi_errno_addr</name>
         <value>0x94b8</value>
         <object_component_ref idref="oc-328"/>
      </symbol>
      <symbol id="sm-967">
         <name>errno</name>
         <value>0x8001b70</value>
         <object_component_ref idref="oc-348"/>
      </symbol>
      <symbol id="sm-968">
         <name>__TI_static_base__</name>
         <value>0x0</value>
      </symbol>
      <symbol id="sm-96b">
         <name>SHT$$INIT_ARRAY$$Base</name>
         <value>0x0</value>
      </symbol>
      <symbol id="sm-96c">
         <name>SHT$$INIT_ARRAY$$Limit</name>
         <value>0x0</value>
      </symbol>
      <symbol id="sm-96d">
         <name>_system_post_cinit</name>
         <value>0x0</value>
      </symbol>
   </symbol_table>
   <title>Link successful</title>
</link_info>
